--------------------------------------------------------------------------------------
Timing Analyzer Summary
--------------------------------------------------------------------------------------

Type           : Worst-case tsu
Slack          : N/A
Required Time  : None
Actual Time    : 7.800 ns
From           : reset
To             : sync_state:inst|count[0]
From Clock     : 
To Clock       : clk
Failed Paths   : 0

Type           : Worst-case tco
Slack          : N/A
Required Time  : None
Actual Time    : 13.000 ns
From           : pwm_10bit:inst2|out
To             : not_sync
From Clock     : clk
To Clock       : 
Failed Paths   : 0

Type           : Worst-case tpd
Slack          : N/A
Required Time  : None
Actual Time    : 10.000 ns
From           : osc_in
To             : osc_out
From Clock     : 
To Clock       : 
Failed Paths   : 0

Type           : Worst-case th
Slack          : N/A
Required Time  : None
Actual Time    : -2.000 ns
From           : reset
To             : pwm_10bit:inst2|out
From Clock     : 
To Clock       : clk
Failed Paths   : 0

Type           : Clock Setup: 'clk'
Slack          : 72.400 ns
Required Time  : 10.00 MHz ( period = 100.000 ns )
Actual Time    : 36.23 MHz ( period = 27.600 ns )
From           : sync_state:inst|count[0]
To             : pwm_10bit:inst2|out
From Clock     : clk
To Clock       : clk
Failed Paths   : 0

Type           : Clock Hold: 'clk'
Slack          : 5.000 ns
Required Time  : 10.00 MHz ( period = 100.000 ns )
Actual Time    : N/A
From           : pwm_10bit:inst2|lpm_counter:count_rtl_0|dffs[6]
To             : pwm_10bit:inst2|lpm_counter:count_rtl_0|dffs[0]
From Clock     : clk
To Clock       : clk
Failed Paths   : 0

Type           : Total number of failed paths
Slack          : 
Required Time  : 
Actual Time    : 
From           : 
To             : 
From Clock     : 
To Clock       : 
Failed Paths   : 0

--------------------------------------------------------------------------------------

